// Jest Snapshot v1, https://goo.gl/fbAQLP

exports[`Layout - test jest setup renders correctly 1`] = `
<div
  style={
    Object {
      "marginLeft": "auto",
      "marginRight": "auto",
      "maxWidth": "42rem",
      "padding": "2.625rem 1.3125rem",
    }
  }
>
  <header>
    <h1
      style={
        Object {
          "fontSize": "3.95285rem",
          "lineHeight": "4.375rem",
          "marginBottom": "2.625rem",
          "marginTop": 0,
        }
      }
    >
      <a
        href="/"
        style={
          Object {
            "boxShadow": "none",
            "color": "inherit",
          }
        }
      />
    </h1>
  </header>
  <main />
  <footer>
    Â© 
    2020
    , Built with
     
    <a
      href="https://www.gatsbyjs.org"
    >
      Gatsby
    </a>
  </footer>
</div>
`;
